// Jest Snapshot v1, https://goo.gl/fbAQLP

exports[`pruebas en el ProductTitle debe de mostrar el componente con el nombre del producto  1`] = `
<div
  className="productCard undefined"
>
  <span
    className="productDescription undefined"
  >
    Coffee Mug - card
  </span>
</div>
`;

exports[`pruebas en el ProductTitle debe mostrar el componente correctamente con el titulo personalizado 1`] = `
<span
  className="productDescription custom-class"
>
  Custom Product
</span>
`;
